[NX v21.1.2 Daemon Server] - 2025-05-24T09:13:57.843Z - Started listening on: /var/folders/fp/k7k8tdxn17x3nsd1vh0zq1800000gn/T/2b144ca76defb7ffdc39/d.sock
[NX v21.1.2 Daemon Server] - 2025-05-24T09:13:57.845Z - [WATCHER]: Subscribed to changes within: /Users/iam_anderson/Developer/Practicas/iamanderson (native)
[NX v21.1.2 Daemon Server] - 2025-05-24T09:13:57.852Z - Established a connection. Number of open connections: 1
[NX v21.1.2 Daemon Server] - 2025-05-24T09:13:57.852Z - Established a connection. Number of open connections: 2
[NX v21.1.2 Daemon Server] - 2025-05-24T09:13:57.853Z - Closed a connection. Number of open connections: 1
[NX v21.1.2 Daemon Server] - 2025-05-24T09:13:57.854Z - [REQUEST]: Client Request for Project Graph Received
[NX v21.1.2 Daemon Server] - 2025-05-24T09:13:57.857Z - Time taken for 'loadSpecifiedNxPlugins' 0.6932499995455146ms
[NX v21.1.2 Daemon Server] - 2025-05-24T09:13:57.905Z - [WATCHER]: Processing file changes in outputs
[NX v21.1.2 Daemon Server] - 2025-05-24T09:13:57.963Z - Time taken for 'Load Nx Plugin: /Users/iam_anderson/Developer/Practicas/iamanderson/node_modules/nx/src/plugins/package-json' 108.34529200010002ms
[NX v21.1.2 Daemon Server] - 2025-05-24T09:13:57.967Z - Time taken for 'Load Nx Plugin: /Users/iam_anderson/Developer/Practicas/iamanderson/node_modules/nx/src/plugins/js' 113.23804100044072ms
[NX v21.1.2 Daemon Server] - 2025-05-24T09:13:57.969Z - [REQUEST]: Updated workspace context based on watched changes, recomputing project graph...
[NX v21.1.2 Daemon Server] - 2025-05-24T09:13:57.969Z - [REQUEST]: 
[NX v21.1.2 Daemon Server] - 2025-05-24T09:13:57.969Z - [REQUEST]: 
[NX v21.1.2 Daemon Server] - 2025-05-24T09:13:57.973Z - Time taken for 'loadDefaultNxPlugins' 114.8152499999851ms
[NX v21.1.2 Daemon Server] - 2025-05-24T09:13:58.005Z - Time taken for 'build-project-configs' 25.77404199913144ms
[NX v21.1.2 Daemon Server] - 2025-05-24T09:13:58.062Z - [SYNC]: collect registered sync generators
[NX v21.1.2 Daemon Server] - 2025-05-24T09:13:58.062Z - [REQUEST]: Responding to the client. project-graph
[NX v21.1.2 Daemon Server] - 2025-05-24T09:13:58.063Z - Time taken for 'total for creating and serializing project graph' 208.7562910001725ms
[NX v21.1.2 Daemon Server] - 2025-05-24T09:13:58.064Z - Done responding to the client project-graph
[NX v21.1.2 Daemon Server] - 2025-05-24T09:13:58.064Z - Handled REQUEST_PROJECT_GRAPH. Handling time: 208. Response time: 2.
[NX v21.1.2 Daemon Server] - 2025-05-24T09:13:58.124Z - [WATCHER]: Processing file changes in outputs
[NX v21.1.2 Daemon Server] - 2025-05-24T09:13:58.124Z - [WATCHER]: tsconfig.base.json was modified
[NX v21.1.2 Daemon Server] - 2025-05-24T09:13:58.225Z - [REQUEST]: Updated workspace context based on watched changes, recomputing project graph...
[NX v21.1.2 Daemon Server] - 2025-05-24T09:13:58.225Z - [REQUEST]: tsconfig.base.json
[NX v21.1.2 Daemon Server] - 2025-05-24T09:13:58.225Z - [REQUEST]: 
[NX v21.1.2 Daemon Server] - 2025-05-24T09:13:58.227Z - Time taken for 'hash changed files from watcher' 0.10083299968391657ms
[NX v21.1.2 Daemon Server] - 2025-05-24T09:13:58.235Z - Time taken for 'build-project-configs' 7.220875000581145ms
[NX v21.1.2 Daemon Server] - 2025-05-24T09:13:58.250Z - [SYNC]: collect registered sync generators
[NX v21.1.2 Daemon Server] - 2025-05-24T09:13:58.250Z - [SYNC]: project graph hash is the same, not collecting task sync generators
[NX v21.1.2 Daemon Server] - 2025-05-24T09:13:58.250Z - [SYNC]: nx.json hash is the same, not collecting global sync generators
[NX v21.1.2 Daemon Server] - 2025-05-24T09:13:58.250Z - Time taken for 'total execution time for createProjectGraph()' 10.903834000229836ms
[NX v21.1.2 Daemon Server] - 2025-05-24T09:13:59.646Z - Closed a connection. Number of open connections: 0
